exports[`HelloWorldList Renders and matches our snapshot 1`] = `
<div>
  <div
    className="AddGreeter">
    <input
      onChange={[Function]}
      type="text"
      value="" />
      
    <button
      onClick={[Function]}>
      Add
    </button>
  </div>
  <div
    className="HelloWorldWithState">
    <div>
      Hello there
       
      Adam
       World!
    </div>
    <div>
      <button
        className="ts-french"
        onClick={[Function]}>
        Frenchify!
      </button>
      <button
        className="ts-remove"
        onClick={[Function]}>
        Remove
      </button>
    </div>
  </div>
  <div
    className="HelloWorldWithState">
    <div>
      Hello there
       
      Bertil
       World!
    </div>
    <div>
      <button
        className="ts-french"
        onClick={[Function]}>
        Frenchify!
      </button>
      <button
        className="ts-remove"
        onClick={[Function]}>
        Remove
      </button>
    </div>
  </div>
  <div
    className="HelloWorldWithState">
    <div>
      Hello there
       
      Ceasar
       World!
    </div>
    <div>
      <button
        className="ts-french"
        onClick={[Function]}>
        Frenchify!
      </button>
      <button
        className="ts-remove"
        onClick={[Function]}>
        Remove
      </button>
    </div>
  </div>
  <div
    className="HelloWorld"
    onClick={[Function]}>
    Hello 
     World!
  </div>
</div>
`;
