exports[`HelloWorldWithState Renders and matches our snapshot 1`] = `
<div
  className="HelloWorldWithState">
  <div>
    Hello there
     
    Person
     World!
  </div>
  <div>
    <button
      className="ts-french"
      onClick={[Function]}>
      Frenchify!
    </button>
    <button
      className="ts-remove"
      onClick={[Function]}>
      Remove
    </button>
  </div>
</div>
`;
